// Jest Snapshot v1, https://goo.gl/fbAQLP

exports[`adding headers 1`] = `"Expected name to be string, got undefined"`;

exports[`adding headers 2`] = `"Expected name to be string, got number"`;

exports[`adding headers 3`] = `"Header is already set, not overwriting."`;

exports[`default headers are read-only 1`] = `"Cannot change default headers"`;

exports[`setting callbacks 1`] = `"You must pass a valid callback to this method"`;

exports[`setting callbacks 2`] = `"You must pass a valid callback to this method"`;

exports[`setting callbacks 3`] = `"Invalid callbacks: () => {}, 42"`;

exports[`setting callbacks 4`] = `"Invalid callbacks: 42, () => {}"`;

exports[`setting callbacks 5`] = `"Invalid callbacks: () => {}, 42"`;

exports[`setting callbacks 6`] = `"Invalid callbacks: 42, () => {}"`;
